// Jest Snapshot v1, https://goo.gl/fbAQLP

exports[`Home | Event Notice Banner should renders correctly 1`] = `
Object {
  "asFragment": [Function],
  "baseElement": <body>
    <div>
      <div
        class="bg-black w-full"
      >
        <div
          class="react-reveal p-2 w-full text-gray-800 flex-col flex-wrap overflow-auto shadow-md border-t-1 border-gray-100 relative bg-white"
          id="eventNotice"
        >
          <div>
            <div
              class="text-gray-700 text-sm w-full font-bold p-3"
            >
              Thu 16 September 2021, 10:00 AM
               (
              Europe/London
              )
            </div>
            <a
              class="flex flex-wrap w-full overflow-hidden max-h-90 text-gray-700 group pb-2 px-2"
              href="https://www.eventbrite.co.uk/e/celebration-of-open-research-at-the-university-of-sheffield-tickets-163679197887"
              rel="noopener noreferrer"
              style="font-family: TUoS Blake;"
              target="_blank"
            >
              <img
                alt="Thumbnail: Join us for a celebration of Open Research at the University of Sheffield with the winners of the Library's inaugural Open Research Prize."
                class="w-full md:w-3/12 overflow-hidden self-center"
                src="https://img.evbuc.com/https%3A%2F%2Fcdn.evbuc.com%2Fimages%2F143589123%2F121727010915%2F1%2Foriginal.20210804-163431?auto=format%2Ccompress&q=75&sharp=10&s=c61552c6c69fe01890ae8e6316ae1c2b"
                style="object-fit: cover; object-position: center; min-height: 180px;"
              />
              <div
                class="w-full md:w-9/12 pb-2 px-4"
              >
                <h1
                  class="inline-block font-semibold xl:text-xl"
                >
                  <p
                    class="text-brand-blue text-2xl xl:text-3xl inline-block"
                  >
                    NEXT
                  </p>
                   
                  event:  
                  <p
                    class="inline-block text-lg xl:text-xl font-bold"
                  >
                    Celebration of Open Research at The University of Sheffield
                  </p>
                </h1>
                <p
                  class="text-gray-500 hidden md:flex lg:flex xl:flex leading-tight text-sm xl:text-base"
                >
                  Join us for a celebration of Open Research at the University of Sheffield with the winners of the Library's inaugural Open Research Prize.
                </p>
                <p
                  class="flex pt-2 text-sm xl:text-base"
                >
                  <svg
                    class="mr-1"
                    fill="currentColor"
                    height="1em"
                    stroke="currentColor"
                    stroke-width="0"
                    viewBox="0 0 512 512"
                    width="1em"
                    xmlns="http://www.w3.org/2000/svg"
                  >
                    <path
                      d="M256,8C119,8,8,119,8,256S119,504,256,504,504,393,504,256,393,8,256,8Zm92.49,313h0l-20,25a16,16,0,0,1-22.49,2.5h0l-67-49.72a40,40,0,0,1-15-31.23V112a16,16,0,0,1,16-16h32a16,16,0,0,1,16,16V256l58,42.5A16,16,0,0,1,348.49,321Z"
                    />
                  </svg>
                  Wed 27 October 2021, 10:00 AM
                   (
                  Europe/London
                  )
                </p>
                <div
                  class="flex flex-wrap"
                >
                  <div
                    class="w-full md:w-5/6 text-sm xl:text-base"
                  >
                    <p
                      class="flex"
                    >
                      <svg
                        class="mr-1 mt-1"
                        fill="currentColor"
                        height="1em"
                        stroke="currentColor"
                        stroke-width="0"
                        viewBox="0 0 384 512"
                        width="1em"
                        xmlns="http://www.w3.org/2000/svg"
                      >
                        <path
                          d="M172.268 501.67C26.97 291.031 0 269.413 0 192 0 85.961 85.961 0 192 0s192 85.961 192 192c0 77.413-26.97 99.031-172.268 309.67-9.535 13.774-29.93 13.773-39.464 0zM192 272c44.183 0 80-35.817 80-80s-35.817-80-80-80-80 35.817-80 80 35.817 80 80 80z"
                        />
                      </svg>
                       
                      Online Event
                    </p>
                    <p
                      class="flex"
                    />
                  </div>
                  <div
                    class="flex flex-wrap w-full md:w-1/6 content-center justify-center hidden-xs hidden-md"
                  >
                    <button
                      class="hidden group-hover:flex shadow-sm -mt-4 py-2 px-5 text-lg bg-gray-800 text-white hover:bg-brand-blue"
                      href="https://www.eventbrite.co.uk/e/celebration-of-open-research-at-the-university-of-sheffield-tickets-163679197887"
                      rel="noopener noreferrer"
                      target="_blank"
                    >
                      Register
                    </button>
                  </div>
                </div>
              </div>
            </a>
          </div>
        </div>
      </div>
    </div>
  </body>,
  "container": <div>
    <div
      class="bg-black w-full"
    >
      <div
        class="react-reveal p-2 w-full text-gray-800 flex-col flex-wrap overflow-auto shadow-md border-t-1 border-gray-100 relative bg-white"
        id="eventNotice"
      >
        <div>
          <div
            class="text-gray-700 text-sm w-full font-bold p-3"
          >
            Thu 16 September 2021, 10:00 AM
             (
            Europe/London
            )
          </div>
          <a
            class="flex flex-wrap w-full overflow-hidden max-h-90 text-gray-700 group pb-2 px-2"
            href="https://www.eventbrite.co.uk/e/celebration-of-open-research-at-the-university-of-sheffield-tickets-163679197887"
            rel="noopener noreferrer"
            style="font-family: TUoS Blake;"
            target="_blank"
          >
            <img
              alt="Thumbnail: Join us for a celebration of Open Research at the University of Sheffield with the winners of the Library's inaugural Open Research Prize."
              class="w-full md:w-3/12 overflow-hidden self-center"
              src="https://img.evbuc.com/https%3A%2F%2Fcdn.evbuc.com%2Fimages%2F143589123%2F121727010915%2F1%2Foriginal.20210804-163431?auto=format%2Ccompress&q=75&sharp=10&s=c61552c6c69fe01890ae8e6316ae1c2b"
              style="object-fit: cover; object-position: center; min-height: 180px;"
            />
            <div
              class="w-full md:w-9/12 pb-2 px-4"
            >
              <h1
                class="inline-block font-semibold xl:text-xl"
              >
                <p
                  class="text-brand-blue text-2xl xl:text-3xl inline-block"
                >
                  NEXT
                </p>
                 
                event:  
                <p
                  class="inline-block text-lg xl:text-xl font-bold"
                >
                  Celebration of Open Research at The University of Sheffield
                </p>
              </h1>
              <p
                class="text-gray-500 hidden md:flex lg:flex xl:flex leading-tight text-sm xl:text-base"
              >
                Join us for a celebration of Open Research at the University of Sheffield with the winners of the Library's inaugural Open Research Prize.
              </p>
              <p
                class="flex pt-2 text-sm xl:text-base"
              >
                <svg
                  class="mr-1"
                  fill="currentColor"
                  height="1em"
                  stroke="currentColor"
                  stroke-width="0"
                  viewBox="0 0 512 512"
                  width="1em"
                  xmlns="http://www.w3.org/2000/svg"
                >
                  <path
                    d="M256,8C119,8,8,119,8,256S119,504,256,504,504,393,504,256,393,8,256,8Zm92.49,313h0l-20,25a16,16,0,0,1-22.49,2.5h0l-67-49.72a40,40,0,0,1-15-31.23V112a16,16,0,0,1,16-16h32a16,16,0,0,1,16,16V256l58,42.5A16,16,0,0,1,348.49,321Z"
                  />
                </svg>
                Wed 27 October 2021, 10:00 AM
                 (
                Europe/London
                )
              </p>
              <div
                class="flex flex-wrap"
              >
                <div
                  class="w-full md:w-5/6 text-sm xl:text-base"
                >
                  <p
                    class="flex"
                  >
                    <svg
                      class="mr-1 mt-1"
                      fill="currentColor"
                      height="1em"
                      stroke="currentColor"
                      stroke-width="0"
                      viewBox="0 0 384 512"
                      width="1em"
                      xmlns="http://www.w3.org/2000/svg"
                    >
                      <path
                        d="M172.268 501.67C26.97 291.031 0 269.413 0 192 0 85.961 85.961 0 192 0s192 85.961 192 192c0 77.413-26.97 99.031-172.268 309.67-9.535 13.774-29.93 13.773-39.464 0zM192 272c44.183 0 80-35.817 80-80s-35.817-80-80-80-80 35.817-80 80 35.817 80 80 80z"
                      />
                    </svg>
                     
                    Online Event
                  </p>
                  <p
                    class="flex"
                  />
                </div>
                <div
                  class="flex flex-wrap w-full md:w-1/6 content-center justify-center hidden-xs hidden-md"
                >
                  <button
                    class="hidden group-hover:flex shadow-sm -mt-4 py-2 px-5 text-lg bg-gray-800 text-white hover:bg-brand-blue"
                    href="https://www.eventbrite.co.uk/e/celebration-of-open-research-at-the-university-of-sheffield-tickets-163679197887"
                    rel="noopener noreferrer"
                    target="_blank"
                  >
                    Register
                  </button>
                </div>
              </div>
            </div>
          </a>
        </div>
      </div>
    </div>
  </div>,
  "debug": [Function],
  "findAllByAltText": [Function],
  "findAllByDisplayValue": [Function],
  "findAllByLabelText": [Function],
  "findAllByPlaceholderText": [Function],
  "findAllByRole": [Function],
  "findAllByTestId": [Function],
  "findAllByText": [Function],
  "findAllByTitle": [Function],
  "findByAltText": [Function],
  "findByDisplayValue": [Function],
  "findByLabelText": [Function],
  "findByPlaceholderText": [Function],
  "findByRole": [Function],
  "findByTestId": [Function],
  "findByText": [Function],
  "findByTitle": [Function],
  "getAllByAltText": [Function],
  "getAllByDisplayValue": [Function],
  "getAllByLabelText": [Function],
  "getAllByPlaceholderText": [Function],
  "getAllByRole": [Function],
  "getAllByTestId": [Function],
  "getAllByText": [Function],
  "getAllByTitle": [Function],
  "getByAltText": [Function],
  "getByDisplayValue": [Function],
  "getByLabelText": [Function],
  "getByPlaceholderText": [Function],
  "getByRole": [Function],
  "getByTestId": [Function],
  "getByText": [Function],
  "getByTitle": [Function],
  "queryAllByAltText": [Function],
  "queryAllByDisplayValue": [Function],
  "queryAllByLabelText": [Function],
  "queryAllByPlaceholderText": [Function],
  "queryAllByRole": [Function],
  "queryAllByTestId": [Function],
  "queryAllByText": [Function],
  "queryAllByTitle": [Function],
  "queryByAltText": [Function],
  "queryByDisplayValue": [Function],
  "queryByLabelText": [Function],
  "queryByPlaceholderText": [Function],
  "queryByRole": [Function],
  "queryByTestId": [Function],
  "queryByText": [Function],
  "queryByTitle": [Function],
  "rerender": [Function],
  "unmount": [Function],
}
`;
