// Jest Snapshot v1, https://goo.gl/fbAQLP

exports[`Home | Community Section should renders correctly 1`] = `
Object {
  "asFragment": [Function],
  "baseElement": <body>
    <div>
      <div
        class="flex flex-wrap justify-center items-center relative"
        id="home-community"
        style="transition: .5s ease; background-color: rgb(255, 255, 255); min-height: 700px;"
      >
        <div
          class="react-reveal container mx-auto justify-center flex flex-wrap pt-36"
        >
          <div
            class="text-4xl xl:text-5xl 2xl:text-6xl font-bold text-gray-900 w-full text-center px-4"
          >
            <h1
              style="font-family: TUOS Stephenson,Georgia,Times,serif;"
            >
              YOUR COMMUNITY.
               
            </h1>
          </div>
          <a
            class="mt-1 text-med xl:text-lg text-gray-600 hover:underline"
            gatsby="true"
            href="/community"
          >
            Learn more 
            <svg
              class="inline-block"
              fill="currentColor"
              height="1em"
              stroke="currentColor"
              stroke-width="0"
              viewBox="0 0 24 24"
              width="1em"
              xmlns="http://www.w3.org/2000/svg"
            >
              <path
                d="M0 0h24v24H0V0z"
                fill="none"
              />
              <path
                d="M8.59 16.59L13.17 12 8.59 7.41 10 6l6 6-6 6-1.41-1.41z"
              />
            </svg>
             ðŸ˜ƒ
          </a>
        </div>
        <div
          class="flex flex-wrap text-black pt-24 pb-36 justify-center"
        >
          <div
            class="w-4/5 md:w-1/3 lg:w-1/5 p-3 2xl:p-12 mt-10 transform hover:-translate-y-3 transition duration-500 group relative"
            data-section="events"
          >
            <div
              class="react-reveal"
            >
              <svg
                class="text-3xl"
                fill="currentColor"
                height="1em"
                stroke="currentColor"
                stroke-width="0"
                viewBox="0 0 24 24"
                width="1em"
                xmlns="http://www.w3.org/2000/svg"
              >
                <g>
                  <path
                    d="M0 0h24v24H0z"
                    fill="none"
                  />
                  <path
                    d="M17 3h4a1 1 0 0 1 1 1v16a1 1 0 0 1-1 1H3a1 1 0 0 1-1-1V4a1 1 0 0 1 1-1h4V1h2v2h6V1h2v2zm3 6V5h-3v2h-2V5H9v2H7V5H4v4h16zm0 2H4v8h16v-8zM6 13h5v4H6v-4z"
                  />
                </g>
              </svg>
            </div>
            <p
              class="react-reveal font-bold py-3"
            >
              Events
            </p>
            <div
              class="react-reveal text-sm xl:text-base border-t-1 border-gray-300 py-3 text-gray-600 group-hover:text-gray-900"
            >
              Discover a variety of events including talks and symposia, workshops, vis-coding clubs and data visualisation hackathons!
            </div>
            <div
              class="react-reveal"
            >
              <a
                gatsby="true"
                href="/events"
              >
                <button
                  class="sc-furwcr gFdcYo rounded-md text-xs lg:text-sm mt-5 lg:mt-10 group-hover:bg-red-500"
                >
                  Upcoming events
                  <svg
                    class="inline-block transform group-hover:translate-x-1 transition duration-100"
                    fill="currentColor"
                    height="1em"
                    stroke="currentColor"
                    stroke-width="0"
                    viewBox="0 0 24 24"
                    width="1em"
                    xmlns="http://www.w3.org/2000/svg"
                  >
                    <path
                      d="M0 0h24v24H0V0z"
                      fill="none"
                    />
                    <path
                      d="M8.59 16.59L13.17 12 8.59 7.41 10 6l6 6-6 6-1.41-1.41z"
                    />
                  </svg>
                </button>
              </a>
            </div>
          </div>
          <div
            class="w-4/5 md:w-1/3 lg:w-1/5 p-3 2xl:p-12 mt-10 transform hover:-translate-y-3 transition duration-500 group relative"
            data-section="training"
          >
            <div
              class="react-reveal"
            >
              <svg
                class="text-3xl"
                fill="currentColor"
                height="1em"
                stroke="currentColor"
                stroke-width="0"
                viewBox="0 0 24 24"
                width="1em"
                xmlns="http://www.w3.org/2000/svg"
              >
                <g>
                  <path
                    d="M0 0h24v24H0z"
                    fill="none"
                  />
                  <path
                    d="M2 3.993A1 1 0 0 1 2.992 3h18.016c.548 0 .992.445.992.993v16.014a1 1 0 0 1-.992.993H2.992A.993.993 0 0 1 2 20.007V3.993zM11 5H4v14h7V5zm2 0v14h7V5h-7zm1 2h5v2h-5V7zm0 3h5v2h-5v-2z"
                  />
                </g>
              </svg>
            </div>
            <p
              class="react-reveal font-bold py-3"
            >
              Training
            </p>
            <div
              class="react-reveal text-sm xl:text-base border-t-1 border-gray-300 py-3 text-gray-600 group-hover:text-gray-900"
            >
              Explore different training courses organised by the dedicated dataviz team to help you make the most of your data.
            </div>
            <div
              class="react-reveal"
            >
              <button
                class="sc-furwcr gFdcYo rounded-md text-xs lg:text-sm mt-5 lg:mt-10 group-hover:bg-brand-blue"
              >
                Coming soon
                <svg
                  class="inline-block transform group-hover:translate-x-1 transition duration-100"
                  fill="currentColor"
                  height="1em"
                  stroke="currentColor"
                  stroke-width="0"
                  viewBox="0 0 24 24"
                  width="1em"
                  xmlns="http://www.w3.org/2000/svg"
                >
                  <path
                    d="M0 0h24v24H0V0z"
                    fill="none"
                  />
                  <path
                    d="M8.59 16.59L13.17 12 8.59 7.41 10 6l6 6-6 6-1.41-1.41z"
                  />
                </svg>
              </button>
            </div>
          </div>
          <div
            class="w-4/5 md:w-1/3 lg:w-1/5 p-3 2xl:p-12 mt-10 transform hover:-translate-y-3 transition duration-500 group relative"
            data-section="support"
          >
            <div
              class="react-reveal"
            >
              <svg
                class="text-3xl"
                fill="currentColor"
                height="1em"
                stroke="currentColor"
                stroke-width="0"
                viewBox="0 0 24 24"
                width="1em"
                xmlns="http://www.w3.org/2000/svg"
              >
                <path
                  d="M0 0h24v24H0z"
                  fill="none"
                />
                <path
                  d="M16 11c1.66 0 2.99-1.34 2.99-3S17.66 5 16 5c-1.66 0-3 1.34-3 3s1.34 3 3 3zm-8 0c1.66 0 2.99-1.34 2.99-3S9.66 5 8 5C6.34 5 5 6.34 5 8s1.34 3 3 3zm0 2c-2.33 0-7 1.17-7 3.5V19h14v-2.5c0-2.33-4.67-3.5-7-3.5zm8 0c-.29 0-.62.02-.97.05 1.16.84 1.97 1.97 1.97 3.45V19h6v-2.5c0-2.33-4.67-3.5-7-3.5z"
                />
              </svg>
              <p
                class="font-bold py-3"
              >
                Support
              </p>
              <div
                class="text-sm xl:text-base border-t-1 border-gray-300 py-3 text-gray-600 group-hover:text-gray-900"
              >
                Get in touch with us. It is natural that you have found something difficult to understand or need more specific guidance and direction.
              </div>
              <button
                class="sc-furwcr gFdcYo rounded-md text-xs lg:text-sm mt-5 lg:mt-10 group-hover:bg-green-500"
                href="#"
              >
                I want support
                <svg
                  class="inline-block transform group-hover:translate-x-1 transition duration-100"
                  fill="currentColor"
                  height="1em"
                  stroke="currentColor"
                  stroke-width="0"
                  viewBox="0 0 24 24"
                  width="1em"
                  xmlns="http://www.w3.org/2000/svg"
                >
                  <path
                    d="M0 0h24v24H0V0z"
                    fill="none"
                  />
                  <path
                    d="M8.59 16.59L13.17 12 8.59 7.41 10 6l6 6-6 6-1.41-1.41z"
                  />
                </svg>
              </button>
            </div>
            <div
              class="react-reveal hidden"
            >
              <div
                class="p-2 text-center"
              >
                <svg
                  class="mx-auto text-4xl mb-2"
                  fill="currentColor"
                  height="1em"
                  stroke="currentColor"
                  stroke-width="0"
                  viewBox="0 0 24 24"
                  width="1em"
                  xmlns="http://www.w3.org/2000/svg"
                >
                  <path
                    d="M12,13 C14.209139,13 16,11.209139 16,9 C16,6.790861 14.209139,5 12,5 C9.790861,5 8,6.790861 8,9 C8,11.209139 9.790861,13 12,13 Z M6,22 L6,19 C6,15.6862915 8.6862915,13 12,13 C15.3137085,13 18,15.6862915 18,19 L18,22 M13,5 C13.4037285,3.33566165 15.0151447,2 17,2 C19.172216,2 20.98052,3.790861 21,6 C20.98052,8.209139 19.172216,10 17,10 L16,10 L17,10 C20.287544,10 23,12.6862915 23,16 L23,18 M11,5 C10.5962715,3.33566165 8.98485529,2 7,2 C4.82778404,2 3.01948003,3.790861 3,6 C3.01948003,8.209139 4.82778404,10 7,10 L8,10 L7,10 C3.71245602,10 1,12.6862915 1,16 L1,18"
                    fill="none"
                    stroke="#000"
                    stroke-width="2"
                  />
                </svg>
                <p
                  class="text-left text-sm xl:text-base"
                >
                  We have a diverse community where everyone is passionate about data visualisation.
                </p>
                <a
                  href="https://join.slack.com/t/shef-dataviz/signup"
                  rel="noopener noreferrer"
                  target="_blank"
                >
                  <button
                    class="sc-furwcr gFdcYo rounded-md text-xs lg:text-sm mt-5 lg:mt-10 hover:bg-green-500 py-1 px-2"
                    href="#"
                    style="margin-top: 18px;"
                  >
                    Ask community
                  </button>
                </a>
              </div>
              <div
                class="p-2 mt-5 text-center"
              >
                <svg
                  class="mx-auto text-4xl mb-2"
                  fill="currentColor"
                  height="1em"
                  stroke="currentColor"
                  stroke-width="0"
                  viewBox="0 0 24 24"
                  width="1em"
                  xmlns="http://www.w3.org/2000/svg"
                >
                  <path
                    d="M5,12 C3.343,12 2,10.657 2,9 C2,7.343 3.343,6 5,6 C6.657,6 8,7.343 8,9 C8,10.657 6.657,12 5,12 Z M9,18 L9,16 C9,13.7504 7.2128,12 4.964,12 L5.0184,12 C2.7688,12 1,13.7504 1,16 L1,18 M12,7 L24,7 M12,17 L22,17 M12,12 L19,12"
                    fill="none"
                    stroke="#000"
                    stroke-width="2"
                  />
                </svg>
                <div
                  class="text-left text-sm xl:text-base"
                >
                  If you would like to speak to members of Dataviz Team, please get in touch with us through email or direct messages (Slack).
                </div>
                <div
                  class="mt-2"
                >
                  <a
                    href="mailto:rdm@sheffield.ac.uk"
                    rel="noopener noreferrer"
                    target="_blank"
                  >
                    <button
                      class="sc-furwcr gFdcYo rounded-md text-xs lg:text-sm mt-5 lg:mt-10 hover:bg-green-500 py-1 px-2 mr-2"
                      href="#"
                      style="margin-top: 10px;"
                    >
                      Email
                    </button>
                  </a>
                  <a
                    href="https://shef-dataviz.slack.com/archives/DRF6V81L0"
                    rel="noopener noreferrer"
                    target="_blank"
                  >
                    <button
                      class="sc-furwcr gFdcYo rounded-md text-xs lg:text-sm mt-5 lg:mt-10 hover:bg-green-500 py-1 px-2 mr-2"
                      href="#"
                      style="margin-top: 10px;"
                    >
                      DM 1
                    </button>
                  </a>
                  <a
                    href="https://shef-dataviz.slack.com/archives/D01CANTQN2F"
                    rel="noopener noreferrer"
                    target="_blank"
                  >
                    <button
                      class="sc-furwcr gFdcYo rounded-md text-xs lg:text-sm mt-5 lg:mt-10 hover:bg-green-500 py-1 px-2 mr-2"
                      href="#"
                      style="margin-top: 10px;"
                    >
                      DM 2
                    </button>
                  </a>
                  <a
                    href="https://shef-dataviz.slack.com/archives/D014SQAFRGT"
                    rel="noopener noreferrer"
                    target="_blank"
                  >
                    <button
                      class="sc-furwcr gFdcYo rounded-md text-xs lg:text-sm mt-5 lg:mt-10 hover:bg-green-500 py-1 px-2 mr-2"
                      href="#"
                      style="margin-top: 10px;"
                    >
                      DM 3
                    </button>
                  </a>
                  <a
                    href="https://shef-dataviz.slack.com/archives/D01CARHVAJF"
                    rel="noopener noreferrer"
                    target="_blank"
                  >
                    <button
                      class="sc-furwcr gFdcYo rounded-md text-xs lg:text-sm mt-5 lg:mt-10 hover:bg-green-500 py-1 px-2 mr-2"
                      href="#"
                      style="margin-top: 10px;"
                    >
                      DM 4
                    </button>
                  </a>
                </div>
              </div>
              <button
                class="sc-furwcr gFdcYo rounded-md text-xs lg:text-sm mt-5 lg:mt-10 bg-green-500 py-1 px-2"
                href="#"
              >
                Go back
                <svg
                  class="inline-block transform group-hover:translate-x-1 transition duration-100"
                  fill="currentColor"
                  height="1em"
                  stroke="currentColor"
                  stroke-width="0"
                  viewBox="0 0 24 24"
                  width="1em"
                  xmlns="http://www.w3.org/2000/svg"
                >
                  <path
                    d="M0 0h24v24H0V0z"
                    fill="none"
                  />
                  <path
                    d="M8.59 16.59L13.17 12 8.59 7.41 10 6l6 6-6 6-1.41-1.41z"
                  />
                </svg>
              </button>
            </div>
          </div>
          <div
            class="w-4/5 md:w-1/3 lg:w-1/5 p-3 2xl:p-12 mt-10 transform hover:-translate-y-3 transition duration-500 group relative"
            data-section="collaboration"
          >
            <div
              class="react-reveal"
            >
              <svg
                class="text-3xl"
                fill="currentColor"
                height="1em"
                stroke="currentColor"
                stroke-width="0"
                viewBox="0 0 24 24"
                width="1em"
                xmlns="http://www.w3.org/2000/svg"
              >
                <g>
                  <path
                    d="M0 0h24v24H0z"
                    fill="none"
                  />
                  <path
                    d="M18 15l-.001 3H21v2h-3.001L18 23h-2l-.001-3H13v-2h2.999L16 15h2zm-7 3v2H3v-2h8zm10-7v2H3v-2h18zm0-7v2H3V4h18z"
                  />
                </g>
              </svg>
              <p
                class="font-bold py-3"
              >
                Collaboration
              </p>
              <div
                class="text-sm xl:text-base border-t-1 border-gray-300 py-3 text-gray-600 group-hover:text-gray-900"
              >
                We love to see people actively sharing their thought and creativity. We have prepared a tutorial for you to upload your own blog posts.
              </div>
            </div>
            <a
              class="react-reveal"
              href="https://github.com/researchdata-sheffield/dataviz-hub2/blob/master/README.md"
              rel="noopener noreferrer"
              target="_blank"
            >
              <button
                class="sc-furwcr gFdcYo rounded-md text-xs lg:text-sm mt-5 lg:mt-10 group-hover:bg-pink-500"
              >
                Our repository
                <svg
                  class="inline-block transform group-hover:translate-x-1 transition duration-100"
                  fill="currentColor"
                  height="1em"
                  stroke="currentColor"
                  stroke-width="0"
                  viewBox="0 0 24 24"
                  width="1em"
                  xmlns="http://www.w3.org/2000/svg"
                >
                  <path
                    d="M0 0h24v24H0V0z"
                    fill="none"
                  />
                  <path
                    d="M8.59 16.59L13.17 12 8.59 7.41 10 6l6 6-6 6-1.41-1.41z"
                  />
                </svg>
              </button>
            </a>
          </div>
        </div>
      </div>
    </div>
  </body>,
  "container": <div>
    <div
      class="flex flex-wrap justify-center items-center relative"
      id="home-community"
      style="transition: .5s ease; background-color: rgb(255, 255, 255); min-height: 700px;"
    >
      <div
        class="react-reveal container mx-auto justify-center flex flex-wrap pt-36"
      >
        <div
          class="text-4xl xl:text-5xl 2xl:text-6xl font-bold text-gray-900 w-full text-center px-4"
        >
          <h1
            style="font-family: TUOS Stephenson,Georgia,Times,serif;"
          >
            YOUR COMMUNITY.
             
          </h1>
        </div>
        <a
          class="mt-1 text-med xl:text-lg text-gray-600 hover:underline"
          gatsby="true"
          href="/community"
        >
          Learn more 
          <svg
            class="inline-block"
            fill="currentColor"
            height="1em"
            stroke="currentColor"
            stroke-width="0"
            viewBox="0 0 24 24"
            width="1em"
            xmlns="http://www.w3.org/2000/svg"
          >
            <path
              d="M0 0h24v24H0V0z"
              fill="none"
            />
            <path
              d="M8.59 16.59L13.17 12 8.59 7.41 10 6l6 6-6 6-1.41-1.41z"
            />
          </svg>
           ðŸ˜ƒ
        </a>
      </div>
      <div
        class="flex flex-wrap text-black pt-24 pb-36 justify-center"
      >
        <div
          class="w-4/5 md:w-1/3 lg:w-1/5 p-3 2xl:p-12 mt-10 transform hover:-translate-y-3 transition duration-500 group relative"
          data-section="events"
        >
          <div
            class="react-reveal"
          >
            <svg
              class="text-3xl"
              fill="currentColor"
              height="1em"
              stroke="currentColor"
              stroke-width="0"
              viewBox="0 0 24 24"
              width="1em"
              xmlns="http://www.w3.org/2000/svg"
            >
              <g>
                <path
                  d="M0 0h24v24H0z"
                  fill="none"
                />
                <path
                  d="M17 3h4a1 1 0 0 1 1 1v16a1 1 0 0 1-1 1H3a1 1 0 0 1-1-1V4a1 1 0 0 1 1-1h4V1h2v2h6V1h2v2zm3 6V5h-3v2h-2V5H9v2H7V5H4v4h16zm0 2H4v8h16v-8zM6 13h5v4H6v-4z"
                />
              </g>
            </svg>
          </div>
          <p
            class="react-reveal font-bold py-3"
          >
            Events
          </p>
          <div
            class="react-reveal text-sm xl:text-base border-t-1 border-gray-300 py-3 text-gray-600 group-hover:text-gray-900"
          >
            Discover a variety of events including talks and symposia, workshops, vis-coding clubs and data visualisation hackathons!
          </div>
          <div
            class="react-reveal"
          >
            <a
              gatsby="true"
              href="/events"
            >
              <button
                class="sc-furwcr gFdcYo rounded-md text-xs lg:text-sm mt-5 lg:mt-10 group-hover:bg-red-500"
              >
                Upcoming events
                <svg
                  class="inline-block transform group-hover:translate-x-1 transition duration-100"
                  fill="currentColor"
                  height="1em"
                  stroke="currentColor"
                  stroke-width="0"
                  viewBox="0 0 24 24"
                  width="1em"
                  xmlns="http://www.w3.org/2000/svg"
                >
                  <path
                    d="M0 0h24v24H0V0z"
                    fill="none"
                  />
                  <path
                    d="M8.59 16.59L13.17 12 8.59 7.41 10 6l6 6-6 6-1.41-1.41z"
                  />
                </svg>
              </button>
            </a>
          </div>
        </div>
        <div
          class="w-4/5 md:w-1/3 lg:w-1/5 p-3 2xl:p-12 mt-10 transform hover:-translate-y-3 transition duration-500 group relative"
          data-section="training"
        >
          <div
            class="react-reveal"
          >
            <svg
              class="text-3xl"
              fill="currentColor"
              height="1em"
              stroke="currentColor"
              stroke-width="0"
              viewBox="0 0 24 24"
              width="1em"
              xmlns="http://www.w3.org/2000/svg"
            >
              <g>
                <path
                  d="M0 0h24v24H0z"
                  fill="none"
                />
                <path
                  d="M2 3.993A1 1 0 0 1 2.992 3h18.016c.548 0 .992.445.992.993v16.014a1 1 0 0 1-.992.993H2.992A.993.993 0 0 1 2 20.007V3.993zM11 5H4v14h7V5zm2 0v14h7V5h-7zm1 2h5v2h-5V7zm0 3h5v2h-5v-2z"
                />
              </g>
            </svg>
          </div>
          <p
            class="react-reveal font-bold py-3"
          >
            Training
          </p>
          <div
            class="react-reveal text-sm xl:text-base border-t-1 border-gray-300 py-3 text-gray-600 group-hover:text-gray-900"
          >
            Explore different training courses organised by the dedicated dataviz team to help you make the most of your data.
          </div>
          <div
            class="react-reveal"
          >
            <button
              class="sc-furwcr gFdcYo rounded-md text-xs lg:text-sm mt-5 lg:mt-10 group-hover:bg-brand-blue"
            >
              Coming soon
              <svg
                class="inline-block transform group-hover:translate-x-1 transition duration-100"
                fill="currentColor"
                height="1em"
                stroke="currentColor"
                stroke-width="0"
                viewBox="0 0 24 24"
                width="1em"
                xmlns="http://www.w3.org/2000/svg"
              >
                <path
                  d="M0 0h24v24H0V0z"
                  fill="none"
                />
                <path
                  d="M8.59 16.59L13.17 12 8.59 7.41 10 6l6 6-6 6-1.41-1.41z"
                />
              </svg>
            </button>
          </div>
        </div>
        <div
          class="w-4/5 md:w-1/3 lg:w-1/5 p-3 2xl:p-12 mt-10 transform hover:-translate-y-3 transition duration-500 group relative"
          data-section="support"
        >
          <div
            class="react-reveal"
          >
            <svg
              class="text-3xl"
              fill="currentColor"
              height="1em"
              stroke="currentColor"
              stroke-width="0"
              viewBox="0 0 24 24"
              width="1em"
              xmlns="http://www.w3.org/2000/svg"
            >
              <path
                d="M0 0h24v24H0z"
                fill="none"
              />
              <path
                d="M16 11c1.66 0 2.99-1.34 2.99-3S17.66 5 16 5c-1.66 0-3 1.34-3 3s1.34 3 3 3zm-8 0c1.66 0 2.99-1.34 2.99-3S9.66 5 8 5C6.34 5 5 6.34 5 8s1.34 3 3 3zm0 2c-2.33 0-7 1.17-7 3.5V19h14v-2.5c0-2.33-4.67-3.5-7-3.5zm8 0c-.29 0-.62.02-.97.05 1.16.84 1.97 1.97 1.97 3.45V19h6v-2.5c0-2.33-4.67-3.5-7-3.5z"
              />
            </svg>
            <p
              class="font-bold py-3"
            >
              Support
            </p>
            <div
              class="text-sm xl:text-base border-t-1 border-gray-300 py-3 text-gray-600 group-hover:text-gray-900"
            >
              Get in touch with us. It is natural that you have found something difficult to understand or need more specific guidance and direction.
            </div>
            <button
              class="sc-furwcr gFdcYo rounded-md text-xs lg:text-sm mt-5 lg:mt-10 group-hover:bg-green-500"
              href="#"
            >
              I want support
              <svg
                class="inline-block transform group-hover:translate-x-1 transition duration-100"
                fill="currentColor"
                height="1em"
                stroke="currentColor"
                stroke-width="0"
                viewBox="0 0 24 24"
                width="1em"
                xmlns="http://www.w3.org/2000/svg"
              >
                <path
                  d="M0 0h24v24H0V0z"
                  fill="none"
                />
                <path
                  d="M8.59 16.59L13.17 12 8.59 7.41 10 6l6 6-6 6-1.41-1.41z"
                />
              </svg>
            </button>
          </div>
          <div
            class="react-reveal hidden"
          >
            <div
              class="p-2 text-center"
            >
              <svg
                class="mx-auto text-4xl mb-2"
                fill="currentColor"
                height="1em"
                stroke="currentColor"
                stroke-width="0"
                viewBox="0 0 24 24"
                width="1em"
                xmlns="http://www.w3.org/2000/svg"
              >
                <path
                  d="M12,13 C14.209139,13 16,11.209139 16,9 C16,6.790861 14.209139,5 12,5 C9.790861,5 8,6.790861 8,9 C8,11.209139 9.790861,13 12,13 Z M6,22 L6,19 C6,15.6862915 8.6862915,13 12,13 C15.3137085,13 18,15.6862915 18,19 L18,22 M13,5 C13.4037285,3.33566165 15.0151447,2 17,2 C19.172216,2 20.98052,3.790861 21,6 C20.98052,8.209139 19.172216,10 17,10 L16,10 L17,10 C20.287544,10 23,12.6862915 23,16 L23,18 M11,5 C10.5962715,3.33566165 8.98485529,2 7,2 C4.82778404,2 3.01948003,3.790861 3,6 C3.01948003,8.209139 4.82778404,10 7,10 L8,10 L7,10 C3.71245602,10 1,12.6862915 1,16 L1,18"
                  fill="none"
                  stroke="#000"
                  stroke-width="2"
                />
              </svg>
              <p
                class="text-left text-sm xl:text-base"
              >
                We have a diverse community where everyone is passionate about data visualisation.
              </p>
              <a
                href="https://join.slack.com/t/shef-dataviz/signup"
                rel="noopener noreferrer"
                target="_blank"
              >
                <button
                  class="sc-furwcr gFdcYo rounded-md text-xs lg:text-sm mt-5 lg:mt-10 hover:bg-green-500 py-1 px-2"
                  href="#"
                  style="margin-top: 18px;"
                >
                  Ask community
                </button>
              </a>
            </div>
            <div
              class="p-2 mt-5 text-center"
            >
              <svg
                class="mx-auto text-4xl mb-2"
                fill="currentColor"
                height="1em"
                stroke="currentColor"
                stroke-width="0"
                viewBox="0 0 24 24"
                width="1em"
                xmlns="http://www.w3.org/2000/svg"
              >
                <path
                  d="M5,12 C3.343,12 2,10.657 2,9 C2,7.343 3.343,6 5,6 C6.657,6 8,7.343 8,9 C8,10.657 6.657,12 5,12 Z M9,18 L9,16 C9,13.7504 7.2128,12 4.964,12 L5.0184,12 C2.7688,12 1,13.7504 1,16 L1,18 M12,7 L24,7 M12,17 L22,17 M12,12 L19,12"
                  fill="none"
                  stroke="#000"
                  stroke-width="2"
                />
              </svg>
              <div
                class="text-left text-sm xl:text-base"
              >
                If you would like to speak to members of Dataviz Team, please get in touch with us through email or direct messages (Slack).
              </div>
              <div
                class="mt-2"
              >
                <a
                  href="mailto:rdm@sheffield.ac.uk"
                  rel="noopener noreferrer"
                  target="_blank"
                >
                  <button
                    class="sc-furwcr gFdcYo rounded-md text-xs lg:text-sm mt-5 lg:mt-10 hover:bg-green-500 py-1 px-2 mr-2"
                    href="#"
                    style="margin-top: 10px;"
                  >
                    Email
                  </button>
                </a>
                <a
                  href="https://shef-dataviz.slack.com/archives/DRF6V81L0"
                  rel="noopener noreferrer"
                  target="_blank"
                >
                  <button
                    class="sc-furwcr gFdcYo rounded-md text-xs lg:text-sm mt-5 lg:mt-10 hover:bg-green-500 py-1 px-2 mr-2"
                    href="#"
                    style="margin-top: 10px;"
                  >
                    DM 1
                  </button>
                </a>
                <a
                  href="https://shef-dataviz.slack.com/archives/D01CANTQN2F"
                  rel="noopener noreferrer"
                  target="_blank"
                >
                  <button
                    class="sc-furwcr gFdcYo rounded-md text-xs lg:text-sm mt-5 lg:mt-10 hover:bg-green-500 py-1 px-2 mr-2"
                    href="#"
                    style="margin-top: 10px;"
                  >
                    DM 2
                  </button>
                </a>
                <a
                  href="https://shef-dataviz.slack.com/archives/D014SQAFRGT"
                  rel="noopener noreferrer"
                  target="_blank"
                >
                  <button
                    class="sc-furwcr gFdcYo rounded-md text-xs lg:text-sm mt-5 lg:mt-10 hover:bg-green-500 py-1 px-2 mr-2"
                    href="#"
                    style="margin-top: 10px;"
                  >
                    DM 3
                  </button>
                </a>
                <a
                  href="https://shef-dataviz.slack.com/archives/D01CARHVAJF"
                  rel="noopener noreferrer"
                  target="_blank"
                >
                  <button
                    class="sc-furwcr gFdcYo rounded-md text-xs lg:text-sm mt-5 lg:mt-10 hover:bg-green-500 py-1 px-2 mr-2"
                    href="#"
                    style="margin-top: 10px;"
                  >
                    DM 4
                  </button>
                </a>
              </div>
            </div>
            <button
              class="sc-furwcr gFdcYo rounded-md text-xs lg:text-sm mt-5 lg:mt-10 bg-green-500 py-1 px-2"
              href="#"
            >
              Go back
              <svg
                class="inline-block transform group-hover:translate-x-1 transition duration-100"
                fill="currentColor"
                height="1em"
                stroke="currentColor"
                stroke-width="0"
                viewBox="0 0 24 24"
                width="1em"
                xmlns="http://www.w3.org/2000/svg"
              >
                <path
                  d="M0 0h24v24H0V0z"
                  fill="none"
                />
                <path
                  d="M8.59 16.59L13.17 12 8.59 7.41 10 6l6 6-6 6-1.41-1.41z"
                />
              </svg>
            </button>
          </div>
        </div>
        <div
          class="w-4/5 md:w-1/3 lg:w-1/5 p-3 2xl:p-12 mt-10 transform hover:-translate-y-3 transition duration-500 group relative"
          data-section="collaboration"
        >
          <div
            class="react-reveal"
          >
            <svg
              class="text-3xl"
              fill="currentColor"
              height="1em"
              stroke="currentColor"
              stroke-width="0"
              viewBox="0 0 24 24"
              width="1em"
              xmlns="http://www.w3.org/2000/svg"
            >
              <g>
                <path
                  d="M0 0h24v24H0z"
                  fill="none"
                />
                <path
                  d="M18 15l-.001 3H21v2h-3.001L18 23h-2l-.001-3H13v-2h2.999L16 15h2zm-7 3v2H3v-2h8zm10-7v2H3v-2h18zm0-7v2H3V4h18z"
                />
              </g>
            </svg>
            <p
              class="font-bold py-3"
            >
              Collaboration
            </p>
            <div
              class="text-sm xl:text-base border-t-1 border-gray-300 py-3 text-gray-600 group-hover:text-gray-900"
            >
              We love to see people actively sharing their thought and creativity. We have prepared a tutorial for you to upload your own blog posts.
            </div>
          </div>
          <a
            class="react-reveal"
            href="https://github.com/researchdata-sheffield/dataviz-hub2/blob/master/README.md"
            rel="noopener noreferrer"
            target="_blank"
          >
            <button
              class="sc-furwcr gFdcYo rounded-md text-xs lg:text-sm mt-5 lg:mt-10 group-hover:bg-pink-500"
            >
              Our repository
              <svg
                class="inline-block transform group-hover:translate-x-1 transition duration-100"
                fill="currentColor"
                height="1em"
                stroke="currentColor"
                stroke-width="0"
                viewBox="0 0 24 24"
                width="1em"
                xmlns="http://www.w3.org/2000/svg"
              >
                <path
                  d="M0 0h24v24H0V0z"
                  fill="none"
                />
                <path
                  d="M8.59 16.59L13.17 12 8.59 7.41 10 6l6 6-6 6-1.41-1.41z"
                />
              </svg>
            </button>
          </a>
        </div>
      </div>
    </div>
  </div>,
  "debug": [Function],
  "findAllByAltText": [Function],
  "findAllByDisplayValue": [Function],
  "findAllByLabelText": [Function],
  "findAllByPlaceholderText": [Function],
  "findAllByRole": [Function],
  "findAllByTestId": [Function],
  "findAllByText": [Function],
  "findAllByTitle": [Function],
  "findByAltText": [Function],
  "findByDisplayValue": [Function],
  "findByLabelText": [Function],
  "findByPlaceholderText": [Function],
  "findByRole": [Function],
  "findByTestId": [Function],
  "findByText": [Function],
  "findByTitle": [Function],
  "getAllByAltText": [Function],
  "getAllByDisplayValue": [Function],
  "getAllByLabelText": [Function],
  "getAllByPlaceholderText": [Function],
  "getAllByRole": [Function],
  "getAllByTestId": [Function],
  "getAllByText": [Function],
  "getAllByTitle": [Function],
  "getByAltText": [Function],
  "getByDisplayValue": [Function],
  "getByLabelText": [Function],
  "getByPlaceholderText": [Function],
  "getByRole": [Function],
  "getByTestId": [Function],
  "getByText": [Function],
  "getByTitle": [Function],
  "queryAllByAltText": [Function],
  "queryAllByDisplayValue": [Function],
  "queryAllByLabelText": [Function],
  "queryAllByPlaceholderText": [Function],
  "queryAllByRole": [Function],
  "queryAllByTestId": [Function],
  "queryAllByText": [Function],
  "queryAllByTitle": [Function],
  "queryByAltText": [Function],
  "queryByDisplayValue": [Function],
  "queryByLabelText": [Function],
  "queryByPlaceholderText": [Function],
  "queryByRole": [Function],
  "queryByTestId": [Function],
  "queryByText": [Function],
  "queryByTitle": [Function],
  "rerender": [Function],
  "unmount": [Function],
}
`;
