// Jest Snapshot v1, https://goo.gl/fbAQLP

exports[`Home | Latest Post should renders correctly 1`] = `
Object {
  "asFragment": [Function],
  "baseElement": <body>
    <div>
      <div
        class="w-full flex flex-wrap"
      >
        <div
          class="group w-full relative z-10 border-t-1 border-transparent first:border-gray-900"
          tabindex="0"
        >
          <div
            class="react-reveal w-full bg-gray-900 hover:bg-transparent text-white 2xl:text-xl"
          >
            <a
              class="flex flex-wrap flex-col md:flex-row justify-between w-full text-gray-500 hover:text-white px-5 lg:px-12 py-4"
              gatsby="true"
              href="/blog/18/02/2021/Useful-Resources-for-R"
            >
              <div
                class="flex flex-wrap items-center md:w-2/5 lg:w-3/12"
              >
                <svg
                  class="text-red-700 lg:text-white group-hover:text-red-700 text-3xl mr-1"
                  fill="currentColor"
                  height="1em"
                  stroke="currentColor"
                  stroke-width="0"
                  viewBox="0 0 24 24"
                  width="1em"
                  xmlns="http://www.w3.org/2000/svg"
                >
                  <path
                    d="M0 0h24v24H0z"
                    fill="none"
                  />
                  <path
                    d="M20 4H4c-1.11 0-1.99.89-1.99 2L2 18c0 1.11.89 2 2 2h16c1.11 0 2-.89 2-2V6c0-1.11-.89-2-2-2zM8.5 15H7.3l-2.55-3.5V15H3.5V9h1.25l2.5 3.5V9H8.5v6zm5-4.74H11v1.12h2.5v1.26H11v1.11h2.5V15h-4V9h4v1.26zm7 3.74c0 .55-.45 1-1 1h-4c-.55 0-1-.45-1-1V9h1.25v4.51h1.13V9.99h1.25v3.51h1.12V9h1.25v5z"
                  />
                </svg>
                <a
                  class="sc-jRQBWg ertoVv rounded-full py-0 my-0 mx-1 border-none bg-white text-black hover:bg-gray-200 font-semibold invisible group-hover:visible"
                  gatsby="true"
                  href="/blog/category/articles"
                >
                  Articles
                </a>
              </div>
              <div
                class="md:w-3/5 lg:w-9/12 flex justify-between"
              >
                <div
                  class="inline-block font-semibold"
                >
                  Useful Resources for R
                </div>
                <div
                  class="inline-block font-semibold"
                >
                  18 Feb
                </div>
              </div>
            </a>
          </div>
          <div
            class="bg-white hidden xl:block fixed left-0 top-0 opacity-0 group-focus:opacity-100 group-hover:opacity-100 transform -translate-x-110% group-hover:translate-x-0 transition duration-500 shadow-xl"
            style="width: 33.333333%;"
          >
            <div
              class="min-h-50 max-h-50 w-full overflow-hidden"
            />
            <div
              class="flex flex-col bg-white min-h-50 py-6 px-8"
            >
              <p
                class="text-sm text-gray-500 font-normal 2xl:text-lg"
              >
                Yu Liang Weng
                 
                  |   
                6 min read
              </p>
              <p
                class="mt-2 text-gray-500"
              >
                <a
                  class="sc-gKclnd fLBWlL text-xs py-0 mr-1 my-0"
                  gatsby="true"
                  href="/blog/tag/r"
                >
                  R
                </a>
              </p>
              <p
                class="mt-4 2xl:text-2xl text-black"
              >
                Part 4 | A summary of resources that you might find useful when using R.
              </p>
            </div>
          </div>
        </div>
        <div
          class="group w-full relative z-10 border-t-1 border-transparent first:border-gray-900"
          tabindex="0"
        >
          <div
            class="react-reveal w-full bg-gray-900 hover:bg-transparent text-white 2xl:text-xl"
          >
            <a
              class="flex flex-wrap flex-col md:flex-row justify-between w-full text-gray-500 hover:text-white px-5 lg:px-12 py-4"
              gatsby="true"
              href="/blog/05/02/2021/Shiny-Template"
            >
              <div
                class="flex flex-wrap items-center md:w-2/5 lg:w-3/12"
              >
                <svg
                  class="text-red-700 lg:text-white group-hover:text-red-700 text-3xl mr-1"
                  fill="currentColor"
                  height="1em"
                  stroke="currentColor"
                  stroke-width="0"
                  viewBox="0 0 24 24"
                  width="1em"
                  xmlns="http://www.w3.org/2000/svg"
                >
                  <path
                    d="M0 0h24v24H0z"
                    fill="none"
                  />
                  <path
                    d="M20 4H4c-1.11 0-1.99.89-1.99 2L2 18c0 1.11.89 2 2 2h16c1.11 0 2-.89 2-2V6c0-1.11-.89-2-2-2zM8.5 15H7.3l-2.55-3.5V15H3.5V9h1.25l2.5 3.5V9H8.5v6zm5-4.74H11v1.12h2.5v1.26H11v1.11h2.5V15h-4V9h4v1.26zm7 3.74c0 .55-.45 1-1 1h-4c-.55 0-1-.45-1-1V9h1.25v4.51h1.13V9.99h1.25v3.51h1.12V9h1.25v5z"
                  />
                </svg>
                <a
                  class="sc-jRQBWg ertoVv rounded-full py-0 my-0 mx-1 border-none bg-white text-black hover:bg-gray-200 font-semibold invisible group-hover:visible"
                  gatsby="true"
                  href="/blog/category/tutorial"
                >
                  Tutorial
                </a>
              </div>
              <div
                class="md:w-3/5 lg:w-9/12 flex justify-between"
              >
                <div
                  class="inline-block font-semibold"
                >
                  Templates for Shiny applications
                </div>
                <div
                  class="inline-block font-semibold"
                >
                  05 Feb
                </div>
              </div>
            </a>
          </div>
          <div
            class="bg-white hidden xl:block fixed left-0 top-0 opacity-0 group-focus:opacity-100 group-hover:opacity-100 transform -translate-x-110% group-hover:translate-x-0 transition duration-500 shadow-xl"
            style="width: 33.333333%;"
          >
            <div
              class="min-h-50 max-h-50 w-full overflow-hidden"
            />
            <div
              class="flex flex-col bg-white min-h-50 py-6 px-8"
            >
              <p
                class="text-sm text-gray-500 font-normal 2xl:text-lg"
              >
                Gemma Ives · 
                Yu Liang Weng
                 
                  |   
                9 min read
              </p>
              <p
                class="mt-2 text-gray-500"
              >
                <a
                  class="sc-gKclnd fLBWlL text-xs py-0 mr-1 my-0"
                  gatsby="true"
                  href="/blog/tag/shiny"
                >
                  Shiny
                </a>
                <a
                  class="sc-gKclnd fLBWlL text-xs py-0 mr-1 my-0"
                  gatsby="true"
                  href="/blog/tag/template"
                >
                  Template
                </a>
                <a
                  class="sc-gKclnd fLBWlL text-xs py-0 mr-1 my-0"
                  gatsby="true"
                  href="/blog/tag/r"
                >
                  R
                </a>
                <a
                  class="sc-gKclnd fLBWlL text-xs py-0 mx-1 my-0"
                  gatsby="true"
                  href="/blog/05/02/2021/Shiny-Template"
                >
                  +
                  3
                   more
                </a>
              </p>
              <p
                class="mt-4 2xl:text-2xl text-black"
              >
                A simple framework to get you started creating your own Shiny app. Ready to use Shiny templates where you can replace elements with your own data and visualisations.
              </p>
            </div>
          </div>
        </div>
      </div>
      <div
        class="flex flex-wrap w-full bg-gray-900 py-10 px-3 justify-center items-center self-center z-10"
        style="transition: .3s ease;"
      >
        <div
          class="text-white mr-10"
        >
          Discover more articles and tutorials at our blog.
        </div>
        <a
          gatsby="true"
          href="/blog"
        >
          <button
            class="sc-kDTinF erPJFv group py-2 px-4 mt-6 md:mt-0 text-sm bg-white text-black hover:text-white"
            title="read more on blog"
            type="AnimateButton"
          >
            Read more
            <svg
              class="inline-block transform group-hover:translate-x-1 transition duration-100"
              fill="currentColor"
              height="1em"
              stroke="currentColor"
              stroke-width="0"
              viewBox="0 0 24 24"
              width="1em"
              xmlns="http://www.w3.org/2000/svg"
            >
              <path
                d="M0 0h24v24H0V0z"
                fill="none"
              />
              <path
                d="M8.59 16.59L13.17 12 8.59 7.41 10 6l6 6-6 6-1.41-1.41z"
              />
            </svg>
          </button>
        </a>
      </div>
    </div>
  </body>,
  "container": <div>
    <div
      class="w-full flex flex-wrap"
    >
      <div
        class="group w-full relative z-10 border-t-1 border-transparent first:border-gray-900"
        tabindex="0"
      >
        <div
          class="react-reveal w-full bg-gray-900 hover:bg-transparent text-white 2xl:text-xl"
        >
          <a
            class="flex flex-wrap flex-col md:flex-row justify-between w-full text-gray-500 hover:text-white px-5 lg:px-12 py-4"
            gatsby="true"
            href="/blog/18/02/2021/Useful-Resources-for-R"
          >
            <div
              class="flex flex-wrap items-center md:w-2/5 lg:w-3/12"
            >
              <svg
                class="text-red-700 lg:text-white group-hover:text-red-700 text-3xl mr-1"
                fill="currentColor"
                height="1em"
                stroke="currentColor"
                stroke-width="0"
                viewBox="0 0 24 24"
                width="1em"
                xmlns="http://www.w3.org/2000/svg"
              >
                <path
                  d="M0 0h24v24H0z"
                  fill="none"
                />
                <path
                  d="M20 4H4c-1.11 0-1.99.89-1.99 2L2 18c0 1.11.89 2 2 2h16c1.11 0 2-.89 2-2V6c0-1.11-.89-2-2-2zM8.5 15H7.3l-2.55-3.5V15H3.5V9h1.25l2.5 3.5V9H8.5v6zm5-4.74H11v1.12h2.5v1.26H11v1.11h2.5V15h-4V9h4v1.26zm7 3.74c0 .55-.45 1-1 1h-4c-.55 0-1-.45-1-1V9h1.25v4.51h1.13V9.99h1.25v3.51h1.12V9h1.25v5z"
                />
              </svg>
              <a
                class="sc-jRQBWg ertoVv rounded-full py-0 my-0 mx-1 border-none bg-white text-black hover:bg-gray-200 font-semibold invisible group-hover:visible"
                gatsby="true"
                href="/blog/category/articles"
              >
                Articles
              </a>
            </div>
            <div
              class="md:w-3/5 lg:w-9/12 flex justify-between"
            >
              <div
                class="inline-block font-semibold"
              >
                Useful Resources for R
              </div>
              <div
                class="inline-block font-semibold"
              >
                18 Feb
              </div>
            </div>
          </a>
        </div>
        <div
          class="bg-white hidden xl:block fixed left-0 top-0 opacity-0 group-focus:opacity-100 group-hover:opacity-100 transform -translate-x-110% group-hover:translate-x-0 transition duration-500 shadow-xl"
          style="width: 33.333333%;"
        >
          <div
            class="min-h-50 max-h-50 w-full overflow-hidden"
          />
          <div
            class="flex flex-col bg-white min-h-50 py-6 px-8"
          >
            <p
              class="text-sm text-gray-500 font-normal 2xl:text-lg"
            >
              Yu Liang Weng
               
                |   
              6 min read
            </p>
            <p
              class="mt-2 text-gray-500"
            >
              <a
                class="sc-gKclnd fLBWlL text-xs py-0 mr-1 my-0"
                gatsby="true"
                href="/blog/tag/r"
              >
                R
              </a>
            </p>
            <p
              class="mt-4 2xl:text-2xl text-black"
            >
              Part 4 | A summary of resources that you might find useful when using R.
            </p>
          </div>
        </div>
      </div>
      <div
        class="group w-full relative z-10 border-t-1 border-transparent first:border-gray-900"
        tabindex="0"
      >
        <div
          class="react-reveal w-full bg-gray-900 hover:bg-transparent text-white 2xl:text-xl"
        >
          <a
            class="flex flex-wrap flex-col md:flex-row justify-between w-full text-gray-500 hover:text-white px-5 lg:px-12 py-4"
            gatsby="true"
            href="/blog/05/02/2021/Shiny-Template"
          >
            <div
              class="flex flex-wrap items-center md:w-2/5 lg:w-3/12"
            >
              <svg
                class="text-red-700 lg:text-white group-hover:text-red-700 text-3xl mr-1"
                fill="currentColor"
                height="1em"
                stroke="currentColor"
                stroke-width="0"
                viewBox="0 0 24 24"
                width="1em"
                xmlns="http://www.w3.org/2000/svg"
              >
                <path
                  d="M0 0h24v24H0z"
                  fill="none"
                />
                <path
                  d="M20 4H4c-1.11 0-1.99.89-1.99 2L2 18c0 1.11.89 2 2 2h16c1.11 0 2-.89 2-2V6c0-1.11-.89-2-2-2zM8.5 15H7.3l-2.55-3.5V15H3.5V9h1.25l2.5 3.5V9H8.5v6zm5-4.74H11v1.12h2.5v1.26H11v1.11h2.5V15h-4V9h4v1.26zm7 3.74c0 .55-.45 1-1 1h-4c-.55 0-1-.45-1-1V9h1.25v4.51h1.13V9.99h1.25v3.51h1.12V9h1.25v5z"
                />
              </svg>
              <a
                class="sc-jRQBWg ertoVv rounded-full py-0 my-0 mx-1 border-none bg-white text-black hover:bg-gray-200 font-semibold invisible group-hover:visible"
                gatsby="true"
                href="/blog/category/tutorial"
              >
                Tutorial
              </a>
            </div>
            <div
              class="md:w-3/5 lg:w-9/12 flex justify-between"
            >
              <div
                class="inline-block font-semibold"
              >
                Templates for Shiny applications
              </div>
              <div
                class="inline-block font-semibold"
              >
                05 Feb
              </div>
            </div>
          </a>
        </div>
        <div
          class="bg-white hidden xl:block fixed left-0 top-0 opacity-0 group-focus:opacity-100 group-hover:opacity-100 transform -translate-x-110% group-hover:translate-x-0 transition duration-500 shadow-xl"
          style="width: 33.333333%;"
        >
          <div
            class="min-h-50 max-h-50 w-full overflow-hidden"
          />
          <div
            class="flex flex-col bg-white min-h-50 py-6 px-8"
          >
            <p
              class="text-sm text-gray-500 font-normal 2xl:text-lg"
            >
              Gemma Ives · 
              Yu Liang Weng
               
                |   
              9 min read
            </p>
            <p
              class="mt-2 text-gray-500"
            >
              <a
                class="sc-gKclnd fLBWlL text-xs py-0 mr-1 my-0"
                gatsby="true"
                href="/blog/tag/shiny"
              >
                Shiny
              </a>
              <a
                class="sc-gKclnd fLBWlL text-xs py-0 mr-1 my-0"
                gatsby="true"
                href="/blog/tag/template"
              >
                Template
              </a>
              <a
                class="sc-gKclnd fLBWlL text-xs py-0 mr-1 my-0"
                gatsby="true"
                href="/blog/tag/r"
              >
                R
              </a>
              <a
                class="sc-gKclnd fLBWlL text-xs py-0 mx-1 my-0"
                gatsby="true"
                href="/blog/05/02/2021/Shiny-Template"
              >
                +
                3
                 more
              </a>
            </p>
            <p
              class="mt-4 2xl:text-2xl text-black"
            >
              A simple framework to get you started creating your own Shiny app. Ready to use Shiny templates where you can replace elements with your own data and visualisations.
            </p>
          </div>
        </div>
      </div>
    </div>
    <div
      class="flex flex-wrap w-full bg-gray-900 py-10 px-3 justify-center items-center self-center z-10"
      style="transition: .3s ease;"
    >
      <div
        class="text-white mr-10"
      >
        Discover more articles and tutorials at our blog.
      </div>
      <a
        gatsby="true"
        href="/blog"
      >
        <button
          class="sc-kDTinF erPJFv group py-2 px-4 mt-6 md:mt-0 text-sm bg-white text-black hover:text-white"
          title="read more on blog"
          type="AnimateButton"
        >
          Read more
          <svg
            class="inline-block transform group-hover:translate-x-1 transition duration-100"
            fill="currentColor"
            height="1em"
            stroke="currentColor"
            stroke-width="0"
            viewBox="0 0 24 24"
            width="1em"
            xmlns="http://www.w3.org/2000/svg"
          >
            <path
              d="M0 0h24v24H0V0z"
              fill="none"
            />
            <path
              d="M8.59 16.59L13.17 12 8.59 7.41 10 6l6 6-6 6-1.41-1.41z"
            />
          </svg>
        </button>
      </a>
    </div>
  </div>,
  "debug": [Function],
  "findAllByAltText": [Function],
  "findAllByDisplayValue": [Function],
  "findAllByLabelText": [Function],
  "findAllByPlaceholderText": [Function],
  "findAllByRole": [Function],
  "findAllByTestId": [Function],
  "findAllByText": [Function],
  "findAllByTitle": [Function],
  "findByAltText": [Function],
  "findByDisplayValue": [Function],
  "findByLabelText": [Function],
  "findByPlaceholderText": [Function],
  "findByRole": [Function],
  "findByTestId": [Function],
  "findByText": [Function],
  "findByTitle": [Function],
  "getAllByAltText": [Function],
  "getAllByDisplayValue": [Function],
  "getAllByLabelText": [Function],
  "getAllByPlaceholderText": [Function],
  "getAllByRole": [Function],
  "getAllByTestId": [Function],
  "getAllByText": [Function],
  "getAllByTitle": [Function],
  "getByAltText": [Function],
  "getByDisplayValue": [Function],
  "getByLabelText": [Function],
  "getByPlaceholderText": [Function],
  "getByRole": [Function],
  "getByTestId": [Function],
  "getByText": [Function],
  "getByTitle": [Function],
  "queryAllByAltText": [Function],
  "queryAllByDisplayValue": [Function],
  "queryAllByLabelText": [Function],
  "queryAllByPlaceholderText": [Function],
  "queryAllByRole": [Function],
  "queryAllByTestId": [Function],
  "queryAllByText": [Function],
  "queryAllByTitle": [Function],
  "queryByAltText": [Function],
  "queryByDisplayValue": [Function],
  "queryByLabelText": [Function],
  "queryByPlaceholderText": [Function],
  "queryByRole": [Function],
  "queryByTestId": [Function],
  "queryByText": [Function],
  "queryByTitle": [Function],
  "rerender": [Function],
  "unmount": [Function],
}
`;
