// Jest Snapshot v1, https://goo.gl/fbAQLP

exports[`SEO renders correctly 1`] = `
<div
  style={
    {
      "height": "100vh",
      "width": "100%",
    }
  }
/>
`;
